2026-10-01T12:01:14Z 200 GET /api/users 42
2026-10-01T12:02:03Z 201 POST /api/orders 118
2026-10-01T12:03:27Z 200 GET /api/products 73
2026-10-01T12:04:11Z 404 GET /api/orders/123 18
2026-10-01T12:05:49Z 200 GET /api/users/42 31
2026-10-01T12:06:22Z 401 GET /api/cart 14
2026-10-01T12:07:58Z 200 POST /api/cart/items 156
2026-10-01T12:09:03Z 500 POST /api/orders 91
2026-10-01T12:10:17Z 200 GET /api/search 203
2026-10-01T12:11:42Z 204 DELETE /api/cart/items 37
2026-10-01T12:12:19Z 200 GET /api/reports 312
2026-10-01T12:13:56Z 201 POST /api/users 87
2026-10-01T12:14:31Z 200 GET /api/products/15 64
2026-10-01T12:15:44Z 200 GET /api/orders 129
2026-10-01T12:16:52Z 400 POST /api/auth/login 22
2026-10-01T12:17:36Z 200 POST /api/auth/login 184
2026-10-01T12:18:41Z 200 GET /api/users 55
2026-10-01T12:19:28Z 404 GET /api/products/99 27
2026-10-01T12:20:53Z 200 PUT /api/users/42 143
2026-10-01T12:21:47Z 201 POST /api/orders 221
2026-10-01T12:22:34Z 200 GET /api/products 82
2026-10-01T12:23:19Z 200 GET /api/orders/123 47
2026-10-01T12:24:58Z 422 POST /api/orders 76
2026-10-01T12:25:41Z 200 GET /api/cart 29
2026-10-01T12:26:17Z 200 GET /api/users/42 38
2026-10-01T12:27:44Z 500 GET /api/reports 812
2026-10-01T12:28:29Z 200 GET /api/search 174
2026-10-01T12:29:53Z 204 DELETE /api/users/42 44
2026-10-01T12:30:38Z 200 GET /api/products/15 51
2026-10-01T12:31:26Z 200 POST /api/cart/items 137
2026-10-01T12:32:11Z 401 POST /api/orders 19
2026-10-01T12:33:47Z 200 GET /api/users 61
2026-10-01T12:34:22Z 409 PUT /api/orders/123 94
2026-10-01T12:35:39Z 200 GET /api/products 69
2026-10-01T12:36:15Z 200 GET /api/orders 103
2026-10-01T12:37:58Z 201 POST /api/users 128
2026-10-01T12:38:42Z 200 GET /api/cart 35
2026-10-01T12:39:21Z 200 GET /api/reports 391
2026-10-01T12:40:17Z 404 GET /api/users/77 23
2026-10-01T12:41:49Z 200 GET /api/search 287
2026-10-01T12:42:36Z 200 PUT /api/products/15 156
2026-10-01T12:43:18Z 204 DELETE /api/cart/items 52
2026-10-01T12:44:51Z 200 GET /api/orders/123 44
2026-10-01T12:45:37Z 500 GET /api/products 671
2026-10-01T12:46:24Z 200 POST /api/orders 198
2026-10-01T12:47:53Z 401 GET /api/users 17
2026-10-01T12:48:29Z 200 GET /api/users 48
2026-10-01T12:49:41Z 201 POST /api/orders 143
2026-10-01T12:50:16Z 200 GET /api/products/15 57
2026-10-01T12:51:38Z 404 GET /api/orders/999 21
2026-10-01T12:52:27Z 200 GET /api/cart 33
2026-10-01T12:53:54Z 200 POST /api/cart/items 219
2026-10-01T12:54:31Z 200 GET /api/reports 284
2026-10-01T12:55:46Z 422 POST /api/users 62
2026-10-01T12:56:19Z 200 GET /api/search 193
2026-10-01T12:57:43Z 204 DELETE /api/orders/123 39
2026-10-01T12:58:28Z 200 GET /api/orders 121
2026-10-01T12:59:57Z 200 GET /api/users/42 46
2026-10-01T13:00:34Z 500 POST /api/orders 933
2026-10-01T13:01:42Z 200 GET /api/products 74
2026-10-01T13:02:15Z 200 GET /api/users 39
2026-10-01T13:03:51Z 401 POST /api/auth/login 28
2026-10-01T13:04:26Z 200 POST /api/auth/login 167
2026-10-01T13:05:37Z 200 GET /api/products/15 62
2026-10-01T13:06:49Z 409 POST /api/orders 87
2026-10-01T13:07:24Z 200 GET /api/orders 113
2026-10-01T13:08:58Z 200 GET /api/cart 27
2026-10-01T13:09:42Z 204 DELETE /api/cart/items 31
2026-10-01T13:10:17Z 404 GET /api/products/88 20
2026-10-01T13:11:53Z 200 GET /api/search 218
2026-10-01T13:12:38Z 200 GET /api/reports 427
2026-10-01T13:13:21Z 201 POST /api/users 96
2026-10-01T13:14:46Z 200 PUT /api/users/42 132
2026-10-01T13:15:33Z 200 GET /api/users 52
2026-10-01T13:16:18Z 500 GET /api/reports 1187
2026-10-01T13:17:49Z 200 GET /api/orders/123 41
2026-10-01T13:18:26Z 400 POST /api/orders 53
2026-10-01T13:19:57Z 200 GET /api/products 77
2026-10-01T13:20:43Z 200 GET /api/cart 24
2026-10-01T13:21:31Z 201 POST /api/orders 205
2026-10-01T13:22:48Z 404 GET /api/users/100 19
2026-10-01T13:23:14Z 200 GET /api/search 161
2026-10-01T13:24:39Z 204 DELETE /api/users/42 46
2026-10-01T13:25:57Z 200 GET /api/products/15 58
2026-10-01T13:26:33Z 401 GET /api/cart 16
2026-10-01T13:27:42Z 200 POST /api/cart/items 142
2026-10-01T13:28:19Z 200 GET /api/orders 108
2026-10-01T13:29:51Z 500 POST /api/orders 724
2026-10-01T13:30:37Z 200 GET /api/users 44
this is not a valid log line
2026-10-01T13:32:18Z 200 GET /api/products 83
2026-10-01T13:33:46Z 201 POST /api/users 117
2026-10-01T13:34:29Z 404 GET /api/orders/123 25
2026-10-01T13:35:54Z 200 GET /api/reports 354
2026-10-01T13:36:38Z 422 POST /api/orders 69
2026-10-01T13:37:21Z 200 GET /api/search 245
2026-10-01T13:38:47Z 200 GET /api/users/42 36
2026-10-01T13:39:33Z 204 DELETE /api/cart/items 42
2026-10-01T13:40:16Z 200 GET /api/products/15 71
2026-10-01T13:41:58Z 200 PUT /api/products/15 149
2026-10-01T13:42:43Z 500 GET /api/products 602
2026-10-01T13:43:27Z 200 GET /api/orders 98
2026-10-01T13:44:51Z 401 POST /api/auth/login 24
2026-10-01T13:45:36Z 200 POST /api/auth/login 192
2026-10-01T13:46:19Z 200 GET /api/users 57
2026-10-01T13:47:48Z 409 PUT /api/users/42 91
2026-10-01T13:48:34Z 200 GET /api/cart 32
2026-10-01T13:49:17Z 201 POST /api/orders 231
2026-10-01T13:50:42Z 404 GET /api/products/99 22
2026-10-01T13:51:29Z 200 GET /api/search 186
2026-10-01T13:52:53Z 200 GET /api/reports 319
2026-10-01T13:53:41Z 204 DELETE /api/orders/123 38
2026-10-01T13:54:26Z 200 GET /api/products 68
2026-10-01T13:55:49Z 500 POST /api/orders 861
2026-10-01T13:56:33Z 200 GET /api/users 49
2026-10-01T13:57:18Z 400 POST /api/users 45
2026-10-01T13:58:47Z 200 GET /api/orders/123 54
2026-10-01T13:59:36Z 201 POST /api/cart/items 178
2026-10-01T14:00:21Z 200 GET /api/cart 26
2026-10-01T14:01:58Z 404 GET /api/users/55 20
2026-10-01T14:02:43Z 200 GET /api/products/15 63
2026-10-01T14:03:27Z 200 GET /api/search 214
2026-10-01T14:04:51Z 200 GET /api/users 46
2026-10-01T14:05:34Z 422 POST /api/orders 81
2026-10-01T14:06:19Z 200 GET /api/reports 376
2026-10-01T14:07:43Z 500 GET /api/reports 1094
2026-10-01T14:08:28Z 200 GET /api/products 79
2026-10-01T14:09:56Z 204 DELETE /api/cart/items 35
2026-10-01T14:10:41Z 200 POST /api/orders 157
2026-10-01T14:11:24Z 401 GET /api/users 18
2026-10-01T14:12:53Z 200 GET /api/users/42 43
2026-10-01T14:13:37Z 200 PUT /api/products/15 138
2026-10-01T14:14:21Z 404 GET /api/orders/999 24
2026-10-01T14:15:48Z 201 POST /api/users 105
2026-10-01T14:16:33Z 200 GET /api/search 177
2026-10-01T14:17:59Z 500 POST /api/orders 784
2026-10-01T14:18:42Z 200 GET /api/products 72
2026-10-01T14:19:26Z 204 DELETE /api/users/42 41
2026-10-01T14:20:53Z 200 GET /api/orders 116
2026-10-01T14:21:38Z 409 POST /api/orders 93
2026-10-01T14:22:17Z 200 GET /api/cart 29
2026-10-01T14:23:49Z 200 POST /api/cart/items 164
2026-10-01T14:24:36Z 404 GET /api/products/88 21
2026-10-01T14:25:51Z 200 GET /api/reports 441
2026-10-01T14:26:43Z 400 POST /api/auth/login 31
2026-10-01T14:27:18Z 200 POST /api/auth/login 201
2026-10-01T14:28:54Z 200 GET /api/users 53
2026-10-01T14:29:37Z 500 GET /api/products 647
2026-10-01T14:30:22Z 200 GET /api/orders/123 48
2026-10-01T14:31:46Z 204 DELETE /api/cart/items 39
2026-10-01T14:32:11Z 200 GET /api/users 42
2026-10-01T14:32:15Z 404 GET /api/orders/123 18
2026-10-01T14:32:22Z 500 POST /api/orders 91
2026-10-01T14:33:41Z 201 POST /api/orders 226
2026-10-01T14:34:28Z 200 GET /api/products 66
2026-10-01T14:35:53Z 404 GET /api/users/77 26
2026-10-01T14:36:17Z 200 GET /api/search 231
2026-10-01T14:37:44Z 200 GET /api/cart 34
2026-10-01T14:38:29Z 401 POST /api/orders 20
2026-10-01T14:39:51Z 200 GET /api/users/42 39
2026-10-01T14:40:36Z 500 GET /api/reports 901
2026-10-01T14:41:24Z 200 PUT /api/users/42 127
2026-10-01T14:42:49Z 201 POST /api/users 93
2026-10-01T14:43:31Z 204 DELETE /api/orders/123 43
2026-10-01T14:44:18Z 200 GET /api/products/15 59
2026-10-01T14:45:57Z 422 POST /api/orders 73
2026-10-01T14:46:43Z 200 GET /api/products 81
2026-10-01T14:47:29Z 200 GET /api/orders 104
2026-10-01T14:48:56Z 404 GET /api/products/99 23
2026-10-01T14:49:41Z 200 GET /api/search 195
2026-10-01T14:50:27Z 500 POST /api/orders 816
2026-10-01T14:51:53Z 200 GET /api/users 47
2026-10-01T14:52:38Z 200 POST /api/cart/items 149
2026-10-01T14:53:24Z 204 DELETE /api/cart/items 36
2026-10-01T14:54:49Z 200 GET /api/reports 337
2026-10-01T14:55:31Z 401 GET /api/cart 15
2026-10-01T14:56:18Z 200 GET /api/orders/123 52
2026-10-01T14:57:43Z 201 POST /api/orders 213
2026-10-01T14:58:27Z 400 POST /api/users 48
2026-10-01T14:59:51Z 200 GET /api/products 75
2026-10-01T15:00:36Z 404 GET /api/users/100 21
2026-10-01T15:01:24Z 200 GET /api/search 207
2026-10-01T15:02:49Z 500 GET /api/reports 1132
2026-10-01T15:03:37Z 200 GET /api/users/42 41
2026-10-01T15:04:18Z 204 DELETE /api/users/42 45
2026-10-01T15:05:53Z 200 PUT /api/products/15 144
2026-10-01T15:06:27Z 409 POST /api/orders 88
2026-10-01T15:07:41Z 200 GET /api/cart 28
2026-10-01T15:08:56Z 201 POST /api/cart/items 171
2026-10-01T15:09:43Z 404 GET /api/orders/999 19
2026-10-01T15:10:29Z 200 GET /api/products 70
2026-10-01T15:11:54Z 200 GET /api/reports 402
2026-10-01T15:12:33Z 200 GET /api/users
2026-10-01T15:13:48Z 500 POST /api/orders 91
2026-10-01T15:14:02Z OK GET /api/orders 31
2026-10-01T15:15:37Z 200 GET /api/search 188
2026-10-01T15:16:44Z 404 /api/orders/123 22
2026-10-01T15:17:29Z 200 GET /api/products/15 61
2026-10-01T15:18:53Z 401 POST /api/auth/login 27
2026-10-01T15:19:41Z 200 POST /api/auth/login 179
not-a-timestamp 500 POST /api/orders 91
2026-10-01T15:21:38Z 200 GET /api/users 51
2026-10-01T15:22:54Z 200 GET /api/orders 97
2026-10-01T15:23:51Z 200 PATCH /api/users/42 33
2026-10-01T15:24:46Z 404 GET /api/products/88 20
2026-10-01T15:25:31Z 200 GET /api/cart 30
2026-10-01T15:26:08Z 200 GET /api/users 42
2026-10-01T15:27:44Z 201 POST /api/orders 235
2026-10-01T15:28:39Z 500 GET /api/products 683
2026-10-01T15:29:17Z 200 GET /api/reports 361
2026-10-01T15:30:42Z 204 DELETE /api/cart/items 40
2026-10-01T15:31:27Z 200 GET /api/products fast
2026-10-01T15:32:51Z 200 GET /api/search 216
2026-10-01T15:33:36Z 422 POST /api/users 64
2026-10-01T15:34:29Z 200 PUT /api/products/15 151
2026-10-01T15:35:48Z 404 GET /api/orders/123 17
2026-10-01T15:36:23Z 200 GET /api/users/42 37
2026-10-01T15:37:57Z 500 POST /api/orders 872
2026-10-01T15:38:42Z 200 GET /api/cart 25
2026-10-01T15:39:19Z 201 POST /api/cart/items 163
2026-10-01T15:40:53Z 200 GET /api/products 76
2026-10-01T15:41:37Z 401 GET /api/users 18
2026-10-01T15:42:24Z 200 GET /api/orders/123 49
2026-10-01T15:43:51Z 204 DELETE /api/orders/123 34
2026-10-01T15:44:38Z 200 GET /api/reports 389
2026-10-01T15:45:17Z 400 POST /api/orders 57
2026-10-01T15:46:43Z 200 GET /api/search 229
2026-10-01T15:47:28Z 404 GET /api/users/55 24
2026-10-01T15:48:51Z 200 GET /api/products/15 67
2026-10-01T15:49:37Z 500 GET /api/reports 1047
2026-10-01T15:50:22Z 200 GET /api/users 43
2026-10-01T15:51:49Z 201 POST /api/users 101
2026-10-01T15:52:31Z 200 GET /api/cart 27
2026-10-01T15:53:44Z 409 PUT /api/users/42 85
2026-10-01T15:54:18Z 200 GET /api/orders 111
2026-10-01T15:55:53Z 204 DELETE /api/cart/items 38
2026-10-01T15:56:41Z 404 GET /api/products/99 20
2026-10-01T15:57:26Z 200 GET /api/search 194
2026-10-01T15:58:49Z 500 POST /api/orders 795
2026-10-01T15:59:34Z 200 GET /api/products 73
2026-10-01T16:00:21Z 201 POST /api/orders 218
2026-10-01T16:01:47Z 200 GET /api/users/42 35
2026-10-01T16:02:33Z 401 POST /api/orders 23
2026-10-01T16:03:58Z 200 GET /api/reports 415
2026-10-01T16:04:41Z 404 GET /api/orders/999 18
2026-10-01T16:05:27Z 200 GET /api/cart 31
2026-10-01T16:06:53Z 200 PUT /api/products/15 139
2026-10-01T16:07:38Z 500 GET /api/products 631
2026-10-01T16:08:24Z 200 GET /api/search 202
2026-10-01T16:09:51Z 204 DELETE /api/users/42 47
2026-10-01T16:10:37Z 201 POST /api/cart/items 155
2026-10-01T16:11:22Z 200 GET /api/users 54
2026-10-01T16:12:49Z 422 POST /api/orders 71
2026-10-01T16:13:34Z 200 GET /api/orders/123 46
2026-10-01T16:14:58Z 404 GET /api/products/88 22
2026-10-01T16:15:43Z 200 GET /api/reports 367
2026-10-01T16:16:29Z 500 POST /api/orders 903
2026-10-01T16:17:54Z 200 GET /api/products 78
2026-10-01T16:18:37Z 200 GET /api/cart 33
2026-10-01T16:19:48Z 201 POST /api/users 112
2026-10-01T16:20:26Z 200 GET /api/search 187
2026-10-01T16:21:53Z 204 DELETE /api/cart/items 43
2026-10-01T16:22:41Z 200 GET /api/orders 119
2026-10-01T16:23:18Z 401 GET /api/users 16
2026-10-01T16:24:49Z 200 PUT /api/users/42 126
2026-10-01T16:25:34Z 500 GET /api/reports 986
2026-10-01T16:26:57Z 404 GET /api/users/77 25
2026-10-01T16:27:43Z 200 GET /api/products/15 60
2026-10-01T16:28:29Z 201 POST /api/orders 207
2026-10-01T16:29:54Z 200 GET /api/search 213
2026-10-01T16:30:41Z 400 POST /api/orders 59
2026-10-01T16:31:28Z 200 GET /api/cart 28
2026-10-01T16:32:53Z 204 DELETE /api/orders/123 36
2026-10-01T16:33:39Z 500 GET /api/products 719
2026-10-01T16:34:24Z 200 GET /api/users 50
2026-10-01T16:35:48Z 404 GET /api/products/99 19
2026-10-01T16:36:31Z 200 GET /api/reports 398
2026-10-01T16:37:57Z 201 POST /api/cart/items 168
2026-10-01T16:38:43Z 200 GET /api/orders/123 45
2026-10-01T16:39:21Z 401 POST /api/auth/login 26
2026-10-01T16:40:52Z 200 POST /api/auth/login 188
2026-10-01T16:41:37Z 200 GET /api/products 71
2026-10-01T16:42:49Z 422 POST /api/orders 74
2026-10-01T16:43:28Z 200 GET /api/search 221
2026-10-01T16:44:53Z 500 GET /api/reports 1164
2026-10-01T16:45:39Z 200 GET /api/users 48
2026-10-01T16:46:24Z 204 DELETE /api/cart/items 41
2026-10-01T16:47:51Z 200 GET /api/orders 107
2026-10-01T16:48:37Z 404 GET /api/orders/999 20
2026-10-01T16:49:23Z 201 POST /api/users 109
2026-10-01T16:50:58Z 200 GET /api/products/15 65
2026-10-01T16:51:44Z 500 POST /api/orders 838
2026-10-01T16:52:31Z 200 GET /api/cart 29
2026-10-01T16:53:17Z 200 GET /api/search 198
2026-10-01T16:54:43Z 409 PUT /api/products/15 96
2026-10-01T16:55:29Z 200 GET /api/reports 377
2026-10-01T16:56:51Z 404 GET /api/users/100 23
2026-10-01T16:57:36Z 200 GET /api/users/42 40
2026-10-01T16:58:24Z 201 POST /api/orders 219
2026-10-01T16:59:49Z 200 GET /api/products 80